[dotenv@17.2.3] injecting env (8) from backend\.env -- tip: 📡 add observability to secrets: https://dotenvx.com/ops
[announcements.routes] loaded
🚀 Servidor Express escuchando en http://localhost:5000
✅ Conexión a PostgreSQL establecida con éxito.
AUTH MIDDLEWARE - User authenticated: {
  id: '70b85f1e-4963-4af4-bd64-7178ccc48179',
  role: 'ADMIN',
  condoId: '5074d155-ba23-4ca2-9659-b585060d4632'
}
AUTH MIDDLEWARE - User authenticated: {
  id: '70b85f1e-4963-4af4-bd64-7178ccc48179',
  role: 'ADMIN',
  condoId: '5074d155-ba23-4ca2-9659-b585060d4632'
}
AUTH MIDDLEWARE - User authenticated: {
  id: '70b85f1e-4963-4af4-bd64-7178ccc48179',
  role: 'ADMIN',
  condoId: '5074d155-ba23-4ca2-9659-b585060d4632'
}
AUTH MIDDLEWARE - User authenticated: {
  id: '70b85f1e-4963-4af4-bd64-7178ccc48179',
  role: 'ADMIN',
  condoId: '5074d155-ba23-4ca2-9659-b585060d4632'
}
AUTH MIDDLEWARE - User authenticated: {
  id: '70b85f1e-4963-4af4-bd64-7178ccc48179',
  role: 'ADMIN',
  condoId: '5074d155-ba23-4ca2-9659-b585060d4632'
}
AUTH MIDDLEWARE - User authenticated: {
  id: '70b85f1e-4963-4af4-bd64-7178ccc48179',
  role: 'ADMIN',
  condoId: '5074d155-ba23-4ca2-9659-b585060d4632'
}
AUTH MIDDLEWARE - User authenticated: {
  id: '70b85f1e-4963-4af4-bd64-7178ccc48179',
  role: 'ADMIN',
  condoId: '5074d155-ba23-4ca2-9659-b585060d4632'
}
AUTH MIDDLEWARE - User authenticated: {
  id: '70b85f1e-4963-4af4-bd64-7178ccc48179',
  role: 'ADMIN',
  condoId: '5074d155-ba23-4ca2-9659-b585060d4632'
}
AUTH MIDDLEWARE - User authenticated: {
  id: '70b85f1e-4963-4af4-bd64-7178ccc48179',
  role: 'ADMIN',
  condoId: '5074d155-ba23-4ca2-9659-b585060d4632'
}
AUTH MIDDLEWARE - User authenticated: {
  id: '70b85f1e-4963-4af4-bd64-7178ccc48179',
  role: 'ADMIN',
  condoId: '5074d155-ba23-4ca2-9659-b585060d4632'
}
AUTH MIDDLEWARE - User authenticated: {
  id: '70b85f1e-4963-4af4-bd64-7178ccc48179',
  role: 'ADMIN',
  condoId: '5074d155-ba23-4ca2-9659-b585060d4632'
}
AUTH MIDDLEWARE - User authenticated: {
  id: '70b85f1e-4963-4af4-bd64-7178ccc48179',
  role: 'ADMIN',
  condoId: '5074d155-ba23-4ca2-9659-b585060d4632'
}
AUTH MIDDLEWARE - User authenticated: {
  id: '70b85f1e-4963-4af4-bd64-7178ccc48179',
  role: 'ADMIN',
  condoId: '5074d155-ba23-4ca2-9659-b585060d4632'
}
AUTH MIDDLEWARE - User authenticated: {
  id: '70b85f1e-4963-4af4-bd64-7178ccc48179',
  role: 'ADMIN',
  condoId: '5074d155-ba23-4ca2-9659-b585060d4632'
}
AUTH MIDDLEWARE - User authenticated: {
  id: '70b85f1e-4963-4af4-bd64-7178ccc48179',
  role: 'ADMIN',
  condoId: '5074d155-ba23-4ca2-9659-b585060d4632'
}
AUTH MIDDLEWARE - User authenticated: {
  id: '70b85f1e-4963-4af4-bd64-7178ccc48179',
  role: 'ADMIN',
  condoId: '5074d155-ba23-4ca2-9659-b585060d4632'
}
AUTH MIDDLEWARE - User authenticated: {
  id: '70b85f1e-4963-4af4-bd64-7178ccc48179',
  role: 'ADMIN',
  condoId: '5074d155-ba23-4ca2-9659-b585060d4632'
}
AUTH MIDDLEWARE - User authenticated: {
  id: '70b85f1e-4963-4af4-bd64-7178ccc48179',
  role: 'ADMIN',
  condoId: '5074d155-ba23-4ca2-9659-b585060d4632'
}
AUTH MIDDLEWARE - User authenticated: {
  id: '70b85f1e-4963-4af4-bd64-7178ccc48179',
  role: 'ADMIN',
  condoId: '5074d155-ba23-4ca2-9659-b585060d4632'
}
AUTH MIDDLEWARE - User authenticated: {
  id: '70b85f1e-4963-4af4-bd64-7178ccc48179',
  role: 'ADMIN',
  condoId: '5074d155-ba23-4ca2-9659-b585060d4632'
}
AUTH MIDDLEWARE - User authenticated: {
  id: '70b85f1e-4963-4af4-bd64-7178ccc48179',
  role: 'ADMIN',
  condoId: '5074d155-ba23-4ca2-9659-b585060d4632'
}
AUTH MIDDLEWARE - User authenticated: {
  id: '70b85f1e-4963-4af4-bd64-7178ccc48179',
  role: 'ADMIN',
  condoId: '5074d155-ba23-4ca2-9659-b585060d4632'
}
AUTH MIDDLEWARE - User authenticated: {
  id: '70b85f1e-4963-4af4-bd64-7178ccc48179',
  role: 'ADMIN',
  condoId: '5074d155-ba23-4ca2-9659-b585060d4632'
}
AUTH MIDDLEWARE - User authenticated: {
  id: '70b85f1e-4963-4af4-bd64-7178ccc48179',
  role: 'ADMIN',
  condoId: '5074d155-ba23-4ca2-9659-b585060d4632'
}
AUTH MIDDLEWARE - User authenticated: {
  id: '70b85f1e-4963-4af4-bd64-7178ccc48179',
  role: 'ADMIN',
  condoId: '5074d155-ba23-4ca2-9659-b585060d4632'
}
AUTH MIDDLEWARE - User authenticated: {
  id: '70b85f1e-4963-4af4-bd64-7178ccc48179',
  role: 'ADMIN',
  condoId: '5074d155-ba23-4ca2-9659-b585060d4632'
}
AUTH MIDDLEWARE - User authenticated: {
  id: '70b85f1e-4963-4af4-bd64-7178ccc48179',
  role: 'ADMIN',
  condoId: '5074d155-ba23-4ca2-9659-b585060d4632'
}
AUTH MIDDLEWARE - User authenticated: {
  id: '70b85f1e-4963-4af4-bd64-7178ccc48179',
  role: 'ADMIN',
  condoId: '5074d155-ba23-4ca2-9659-b585060d4632'
}
AUTH MIDDLEWARE - User authenticated: {
  id: '70b85f1e-4963-4af4-bd64-7178ccc48179',
  role: 'ADMIN',
  condoId: '5074d155-ba23-4ca2-9659-b585060d4632'
}
AUTH MIDDLEWARE - User authenticated: {
  id: '70b85f1e-4963-4af4-bd64-7178ccc48179',
  role: 'ADMIN',
  condoId: '5074d155-ba23-4ca2-9659-b585060d4632'
}
